To sync your updated FIXSTRA project to your GitHub account (anandyg), follow these steps in your terminal from your project directory (E:\AI\paper\paper_new). Since you have already initialized the repository with git init, you just need to commit your latest changes and push them to the cloud.1. Security First: The .gitignoreBefore pushing, ensure your sensitive API keys and tokens in settings.py are not uploaded to a public repository.Create a file named .gitignore in your root folder:Plaintextsettings.py
__pycache__/
*.pyc
.env
2. Initial Sync (If not yet pushed)If you haven't linked your local folder to GitHub yet, run these commands:Bash# 1. Add your modified files
git add .

# 2. Commit the changes
git commit -m "Update FIXSTRA: EMA 5/20 logic with Closing Basis and blue UI labels"

# 3. Link to your GitHub (Ensure you created a repo named 'FIXSTRA' on github.com first)
git remote add origin https://github.com/anandyg/FIXSTRA.git

# 4. Set the branch and push
git branch -M main
git push -u origin main

3. Syncing Modifications (Ongoing Updates):
Whenever you modify app.py or index.html in the future, use this "Three-Step" workflow to sync:

Stage your changes:
git add .

Label your update:
git commit -m "Modified EMA logic, Telegram status and sidebar time styling"

Push to GitHub:
git push origin main

4. Repository ChecklistOnce the sync is complete, your GitHub account (anandyg) will showcase a professional trading desk with the following structure:

File						Status
app.py						Synced (Contains the latest 5/20 crossover logic)
templates/index.html		Synced (Contains the professional dark/blue/yellow UI)
README.md					Recommended (Use the template I provided earlier)
settings.py					Hidden (Kept safe on your local machine only)


Expert Tip:

If you want to track which version of the strategy performs better, use Git Tags. For example, run git tag -a v1.0-EMA5-20 -m "Stable 5/20 version" so you can always revert to this exact point if future modifications don't work as expected.


Example:


E:\AI\paper\paper_new>git add .

E:\AI\paper\paper_new>git commit -m "Modified EMA logic, Telegram status and sidebar time styling"
[main 0dde920] Modified EMA logic, Telegram status and sidebar time styling
 4 files changed, 164 insertions(+), 124 deletions(-)
 create mode 100644 GitHubSync.txt

E:\AI\paper\paper_new>git push origin main
Enumerating objects: 12, done.
Counting objects: 100% (12/12), done.
Delta compression using up to 4 threads
Compressing objects: 100% (6/6), done.
Writing objects: 100% (7/7), 3.97 KiB | 3.97 MiB/s, done.
Total 7 (delta 3), reused 0 (delta 0), pack-reused 0 (from 0)
remote: Resolving deltas: 100% (3/3), completed with 3 local objects.
To https://github.com/anandyg/FIXSTRA.git
   a0e4d99..0dde920  main -> main

E:\AI\paper\paper_new>git tag -a v1.0-EMA5-20 -m "Stable 5/20 version"

E:\AI\paper\paper_new>





E:\AI\paper\paper_new>git remote add origin https://github.com/anandyg/FIXSTRA.git

E:\AI\paper\paper_new>git branch -M main

E:\AI\paper\paper_new>git push -u origin main
remote: Repository not found.
fatal: repository 'https://github.com/anandyg/FIXSTRA.git/' not found

E:\AI\paper\paper_new>echo "# FIXSTRA" >> README.md

E:\AI\paper\paper_new>git init
Reinitialized existing Git repository in E:/AI/paper/paper_new/.git/

E:\AI\paper\paper_new>git add README.md

E:\AI\paper\paper_new>git commit -m "first commit"
On branch main
Changes not staged for commit:
  (use "git add <file>..." to update what will be committed)
  (use "git restore <file>..." to discard changes in working directory)
        modified:   README.MD

no changes added to commit (use "git add" and/or "git commit -a")

E:\AI\paper\paper_new>git branch -M main

E:\AI\paper\paper_new>git remote add origin https://github.com/anandyg/FIXSTRA.git
error: remote origin already exists.

E:\AI\paper\paper_new>git push -u origin main
Enumerating objects: 14, done.
Counting objects: 100% (14/14), done.
Delta compression using up to 4 threads
Compressing objects: 100% (13/13), done.
Writing objects: 100% (14/14), 366.04 KiB | 22.88 MiB/s, done.
Total 14 (delta 0), reused 0 (delta 0), pack-reused 0 (from 0)
To https://github.com/anandyg/FIXSTRA.git
 * [new branch]      main -> main
branch 'main' set up to track 'origin/main'.

E:\AI\paper\paper_new># Link your local folder to your GitHub repository
'#' is not recognized as an internal or external command,
operable program or batch file.

E:\AI\paper\paper_new>git remote add origin https://github.com/anandyg/FIXSTRA.git
error: remote origin already exists.

E:\AI\paper\paper_new>
E:\AI\paper\paper_new># Set the main branch
'#' is not recognized as an internal or external command,
operable program or batch file.

E:\AI\paper\paper_new>git branch -M main

E:\AI\paper\paper_new>
E:\AI\paper\paper_new># Push the code to GitHub
'#' is not recognized as an internal or external command,
operable program or batch file.

E:\AI\paper\paper_new>git push -u origin main
branch 'main' set up to track 'origin/main'.
Everything up-to-date

E:\AI\paper\paper_new>pip freeze > requirements.txt

E:\AI\paper\paper_new>git add requirements.txt

E:\AI\paper\paper_new>git commit -m "Add dependencies"
[main a0e4d99] Add dependencies
 1 file changed, 77 insertions(+)
 create mode 100644 requirements.txt

E:\AI\paper\paper_new>git push
Enumerating objects: 4, done.
Counting objects: 100% (4/4), done.
Delta compression using up to 4 threads
Compressing objects: 100% (3/3), done.
Writing objects: 100% (3/3), 1.02 KiB | 1.02 MiB/s, done.
Total 3 (delta 1), reused 0 (delta 0), pack-reused 0 (from 0)
remote: Resolving deltas: 100% (1/1), completed with 1 local object.
To https://github.com/anandyg/FIXSTRA.git
   ebcd903..a0e4d99  main -> main

E:\AI\paper\paper_new>git add .

E:\AI\paper\paper_new>git commit -m "Modified EMA logic, Telegram status and sidebar time styling"
[main 0dde920] Modified EMA logic, Telegram status and sidebar time styling
 4 files changed, 164 insertions(+), 124 deletions(-)
 create mode 100644 GitHubSync.txt

E:\AI\paper\paper_new>git push origin main
Enumerating objects: 12, done.
Counting objects: 100% (12/12), done.
Delta compression using up to 4 threads
Compressing objects: 100% (6/6), done.
Writing objects: 100% (7/7), 3.97 KiB | 3.97 MiB/s, done.
Total 7 (delta 3), reused 0 (delta 0), pack-reused 0 (from 0)
remote: Resolving deltas: 100% (3/3), completed with 3 local objects.
To https://github.com/anandyg/FIXSTRA.git
   a0e4d99..0dde920  main -> main

E:\AI\paper\paper_new>git tag -a v1.0-EMA5-20 -m "Stable 5/20 version"

E:\AI\paper\paper_new>git add .

E:\AI\paper\paper_new>git commit -m "Sidebar overhaul: Added live heartbeat monitor and system health animation"
[main eff3938] Sidebar overhaul: Added live heartbeat monitor and system health animation
 3 files changed, 241 insertions(+), 86 deletions(-)

E:\AI\paper\paper_new>git push origin main
Enumerating objects: 11, done.
Counting objects: 100% (11/11), done.
Delta compression using up to 4 threads
Compressing objects: 100% (5/5), done.
Writing objects: 100% (6/6), 3.58 KiB | 1.19 MiB/s, done.
Total 6 (delta 4), reused 0 (delta 0), pack-reused 0 (from 0)
remote: Resolving deltas: 100% (4/4), completed with 4 local objects.
To https://github.com/anandyg/FIXSTRA.git
   0dde920..eff3938  main -> main

E:\AI\paper\paper_new>pip freeze > requirements.txt

E:\AI\paper\paper_new>git add requirements.txt

E:\AI\paper\paper_new>git commit -m "Added requirements.txt for deployment"
[main 2a8da6e] Added requirements.txt for deployment
 1 file changed, 2 insertions(+)

E:\AI\paper\paper_new>git push origin main
Enumerating objects: 5, done.
Counting objects: 100% (5/5), done.
Delta compression using up to 4 threads
Compressing objects: 100% (3/3), done.
Writing objects: 100% (3/3), 338 bytes | 338.00 KiB/s, done.
Total 3 (delta 2), reused 0 (delta 0), pack-reused 0 (from 0)
remote: Resolving deltas: 100% (2/2), completed with 2 local objects.
To https://github.com/anandyg/FIXSTRA.git
   eff3938..2a8da6e  main -> main

E:\AI\paper\paper_new>